// Jest Snapshot v1, https://goo.gl/fbAQLP

exports[`Should not expect visual regression 1`] = `
.c7 {
  display: -webkit-box;
  display: -webkit-flex;
  display: -ms-flexbox;
  display: flex;
  -webkit-box-pack: center;
  -webkit-justify-content: center;
  -ms-flex-pack: center;
  justify-content: center;
  -webkit-align-items: center;
  -webkit-box-align: center;
  -ms-flex-align: center;
  align-items: center;
  line-height: 0;
}

.c1 {
  margin-right: 15px;
  width: 100%;
  position: relative;
  display: -webkit-box;
  display: -webkit-flex;
  display: -ms-flexbox;
  display: flex;
  max-width: 350px;
  height: 50px;
}

.c2 {
  border: none;
  width: 100%;
  font-size: 1.125rem;
  font-weight: 500;
  border-radius: 0.25rem;
  background-color: #fff;
  color: #2a3a3b;
  outline: none;
  padding: 0 15px;
  position: relative;
  z-index: 10;
  box-shadow: 0 2px 10px rgba(87,93,169,0.2);
}

.c3 {
  width: 60px;
  background-color: #3dd9d4;
  border-radius: 0.25rem;
  z-index: 5;
  position: absolute;
  top: 0;
  left: -3px;
  height: 50px;
}

.c4 {
  position: relative;
  width: 100%;
  max-width: 350px;
}

.c5 {
  width: 100%;
  padding: 0 16px;
  border-radius: 0.25rem;
  background-color: #fff;
  color: #2a3a3b;
  outline: 0;
  -webkit-appearance: none;
  -moz-appearance: none;
  appearance: none;
  cursor: pointer;
  position: relative;
  -webkit-user-select: none;
  -moz-user-select: none;
  -ms-user-select: none;
  user-select: none;
  display: -webkit-box;
  display: -webkit-flex;
  display: -ms-flexbox;
  display: flex;
  -webkit-box-pack: justify;
  -webkit-justify-content: space-between;
  -ms-flex-pack: justify;
  justify-content: space-between;
  -webkit-align-items: center;
  -webkit-box-align: center;
  -ms-flex-align: center;
  align-items: center;
  height: 50px;
  box-shadow: 0 2px 10px rgba(87,93,169,0.2);
}

.c8 {
  width: 100%;
  top: calc(100% + 4px);
  position: absolute;
  border-radius: 0.25rem;
  overflow: hidden;
  list-style: none;
  z-index: 9000;
  box-shadow: 0 2px 10px rgba(87,93,169,0.2);
}

.c9 {
  display: -webkit-box;
  display: -webkit-flex;
  display: -ms-flexbox;
  display: flex;
  -webkit-align-items: center;
  -webkit-box-align: center;
  -ms-flex-align: center;
  align-items: center;
  width: 100%;
  height: 40px;
  padding-left: 14px;
  padding-right: 14px;
  cursor: pointer;
  color: #2a3a3b;
  background-color: #fff;
  font-weight: 400;
  font-size: 0.875rem;
}

.c9:hover {
  font-weight: 500;
}

.c6 {
  font-size: 90%;
  font-weight: 500;
}

.c0 {
  width: 100%;
  display: -webkit-box;
  display: -webkit-flex;
  display: -ms-flexbox;
  display: flex;
  -webkit-box-pack: center;
  -webkit-justify-content: center;
  -ms-flex-pack: center;
  justify-content: center;
  -webkit-align-items: center;
  -webkit-box-align: center;
  -ms-flex-align: center;
  align-items: center;
}

<div
  class="c0"
>
  <div
    class="c1"
    placeholder="Procurar"
  >
    <input
      class="c2"
    />
    <div
      class="c3"
    />
  </div>
  <div
    class="c4"
  >
    <div
      class="c5"
    >
      <span
        class="c6"
      >
        Apartamentos
      </span>
      <div
        class=""
        height="15"
        width="15"
      >
        <div
          class="c7"
        />
      </div>
    </div>
    <ul
      class="c8"
      style="opacity: 0; display: none;"
    >
      <li
        class="c9"
        value="apartamentos"
      >
        Apartamentos
      </li>
      <li
        class="c9"
        value="casas"
      >
        Casas
      </li>
      <li
        class="c9"
        value="kitnet"
      >
        Kitnet
      </li>
    </ul>
  </div>
</div>
`;
